ÅÎÙãÖF
·E{"Root":{"Path":"/","CreatedIndex":0,"ModifiedIndex":0,"ExpireTime":"0001-01-01T00:00:00Z","Value":"","Children":{"0":{"Path":"/0","CreatedIndex":0,"ModifiedIndex":0,"ExpireTime":"0001-01-01T00:00:00Z","Value":"","Children":{"members":{"Path":"/0/members","CreatedIndex":1,"ModifiedIndex":1,"ExpireTime":"0001-01-01T00:00:00Z","Value":"","Children":{"8e88f556bf457541":{"Path":"/0/members/8e88f556bf457541","CreatedIndex":1,"ModifiedIndex":1,"ExpireTime":"0001-01-01T00:00:00Z","Value":"","Children":{"attributes":{"Path":"/0/members/8e88f556bf457541/attributes","CreatedIndex":8,"ModifiedIndex":8,"ExpireTime":"0001-01-01T00:00:00Z","Value":"{\"name\":\"etcd2\",\"clientURLs\":[\"http://127.0.0.1:2479\"]}","Children":null},"raftAttributes":{"Path":"/0/members/8e88f556bf457541/raftAttributes","CreatedIndex":1,"ModifiedIndex":1,"ExpireTime":"0001-01-01T00:00:00Z","Value":"{\"peerURLs\":[\"http://127.0.0.1:2480\"]}","Children":null}}},"bc3f316962a4ce82":{"Path":"/0/members/bc3f316962a4ce82","CreatedIndex":2,"ModifiedIndex":2,"ExpireTime":"0001-01-01T00:00:00Z","Value":"","Children":{"attributes":{"Path":"/0/members/bc3f316962a4ce82/attributes","CreatedIndex":7,"ModifiedIndex":7,"ExpireTime":"0001-01-01T00:00:00Z","Value":"{\"name\":\"etcd1\",\"clientURLs\":[\"http://127.0.0.1:2379\"]}","Children":null},"raftAttributes":{"Path":"/0/members/bc3f316962a4ce82/raftAttributes","CreatedIndex":2,"ModifiedIndex":2,"ExpireTime":"0001-01-01T00:00:00Z","Value":"{\"peerURLs\":[\"http://127.0.0.1:2380\"]}","Children":null}}}}},"version":{"Path":"/0/version","CreatedIndex":5,"ModifiedIndex":5,"ExpireTime":"0001-01-01T00:00:00Z","Value":"3.5.0","Children":null}}},"1":{"Path":"/1","CreatedIndex":0,"ModifiedIndex":0,"ExpireTime":"0001-01-01T00:00:00Z","Value":"","Children":{"message":{"Path":"/1/message","CreatedIndex":6,"ModifiedIndex":6,"ExpireTime":"0001-01-01T00:00:00Z","Value":"Hello","Children":null}}}}},"WatcherHub":{"EventHistory":{"Queue":{"Events":[{"action":"create","node":{"key":"/0/members/8e88f556bf457541/raftAttributes","value":"{\"peerURLs\":[\"http://127.0.0.1:2480\"]}","modifiedIndex":1,"createdIndex":1}},{"action":"create","node":{"key":"/0/members/bc3f316962a4ce82/raftAttributes","value":"{\"peerURLs\":[\"http://127.0.0.1:2380\"]}","modifiedIndex":2,"createdIndex":2}},{"action":"set","node":{"key":"/0/members/8e88f556bf457541/attributes","value":"{\"name\":\"etcd2\",\"clientURLs\":[\"http://127.0.0.1:2479\"]}","modifiedIndex":3,"createdIndex":3}},{"action":"set","node":{"key":"/0/members/bc3f316962a4ce82/attributes","value":"{\"name\":\"etcd1\",\"clientURLs\":[\"http://127.0.0.1:2379\"]}","modifiedIndex":4,"createdIndex":4}},{"action":"set","node":{"key":"/0/version","value":"3.5.0","modifiedIndex":5,"createdIndex":5}},{"action":"set","node":{"key":"/1/message","value":"Hello","modifiedIndex":6,"createdIndex":6}},{"action":"set","node":{"key":"/0/members/bc3f316962a4ce82/attributes","value":"{\"name\":\"etcd1\",\"clientURLs\":[\"http://127.0.0.1:2379\"]}","modifiedIndex":7,"createdIndex":7},"prevNode":{"key":"/0/members/bc3f316962a4ce82/attributes","value":"{\"name\":\"etcd1\",\"clientURLs\":[\"http://127.0.0.1:2379\"]}","modifiedIndex":4,"createdIndex":4}},{"action":"set","node":{"key":"/0/members/8e88f556bf457541/attributes","value":"{\"name\":\"etcd2\",\"clientURLs\":[\"http://127.0.0.1:2479\"]}","modifiedIndex":8,"createdIndex":8},"prevNode":{"key":"/0/members/8e88f556bf457541/attributes","value":"{\"name\":\"etcd2\",\"clientURLs\":[\"http://127.0.0.1:2479\"]}","modifiedIndex":3,"createdIndex":3}},null,null,null,null,null,null,null,null,null,null,null,null,null,null,null,null,null,null,null,null,null,null,null,null,null,null,null,null,null,null,null,null,null,null,null,null,null,null,null,null,null,null,null,null,null,null,null,null,null,null,null,null,null,null,null,null,null,null,null,null,null,null,null,null,null,null,null,null,null,null,null,null,null,null,null,null,null,null,null,null,null,null,null,null,null,null,null,null,null,null,null,null,null,null,null,null,null,null,null,null,null,null,null,null,null,null,null,null,null,null,null,null,null,null,null,null,null,null,null,null,null,null,null,null,null,null,null,null,null,null,null,null,null,null,null,null,null,null,null,null,null,null,null,null,null,null,null,null,null,null,null,null,null,null,null,null,null,null,null,null,null,null,null,null,null,null,null,null,null,null,null,null,null,null,null,null,null,null,null,null,null,null,null,null,null,null,null,null,null,null,null,null,null,null,null,null,null,null,null,null,null,null,null,null,null,null,null,null,null,null,null,null,null,null,null,null,null,null,null,null,null,null,null,null,null,null,null,null,null,null,null,null,null,null,null,null,null,null,null,null,null,null,null,null,null,null,null,null,null,null,null,null,null,null,null,null,null,null,null,null,null,null,null,null,null,null,null,null,null,null,null,null,null,null,null,null,null,null,null,null,null,null,null,null,null,null,null,null,null,null,null,null,null,null,null,null,null,null,null,null,null,null,null,null,null,null,null,null,null,null,null,null,null,null,null,null,null,null,null,null,null,null,null,null,null,null,null,null,null,null,null,null,null,null,null,null,null,null,null,null,null,null,null,null,null,null,null,null,null,null,null,null,null,null,null,null,null,null,null,null,null,null,null,null,null,null,null,null,null,null,null,null,null,null,null,null,null,null,null,null,null,null,null,null,null,null,null,null,null,null,null,null,null,null,null,null,null,null,null,null,null,null,null,null,null,null,null,null,null,null,null,null,null,null,null,null,null,null,null,null,null,null,null,null,null,null,null,null,null,null,null,null,null,null,null,null,null,null,null,null,null,null,null,null,null,null,null,null,null,null,null,null,null,null,null,null,null,null,null,null,null,null,null,null,null,null,null,null,null,null,null,null,null,null,null,null,null,null,null,null,null,null,null,null,null,null,null,null,null,null,null,null,null,null,null,null,null,null,null,null,null,null,null,null,null,null,null,null,null,null,null,null,null,null,null,null,null,null,null,null,null,null,null,null,null,null,null,null,null,null,null,null,null,null,null,null,null,null,null,null,null,null,null,null,null,null,null,null,null,null,null,null,null,null,null,null,null,null,null,null,null,null,null,null,null,null,null,null,null,null,null,null,null,null,null,null,null,null,null,null,null,null,null,null,null,null,null,null,null,null,null,null,null,null,null,null,null,null,null,null,null,null,null,null,null,null,null,null,null,null,null,null,null,null,null,null,null,null,null,null,null,null,null,null,null,null,null,null,null,null,null,null,null,null,null,null,null,null,null,null,null,null,null,null,null,null,null,null,null,null,null,null,null,null,null,null,null,null,null,null,null,null,null,null,null,null,null,null,null,null,null,null,null,null,null,null,null,null,null,null,null,null,null,null,null,null,null,null,null,null,null,null,null,null,null,null,null,null,null,null,null,null,null,null,null,null,null,null,null,null,null,null,null,null,null,null,null,null,null,null,null,null,null,null,null,null,null,null,null,null,null,null,null,null,null,null,null,null,null,null,null,null,null,null,null,null,null,null,null,null,null,null,null,null,null,null,null,null,null,null,null,null,null,null,null,null,null,null,null,null,null,null,null,null,null,null,null,null,null,null,null,null,null,null,null,null,null,null,null,null,null,null,null,null,null,null,null,null,null,null,null,null,null,null,null,null,null,null,null,null,null,null,null,null,null,null,null,null,null,null,null,null,null,null,null,null,null,null,null,null,null,null,null,null,null,null,null,null,null,null,null,null,null,null,null,null,null,null,null,null,null,null,null,null,null,null,null,null,null,null,null,null,null,null,null,null,null,null,null,null,null,null,null,null,null,null,null,null,null,null,null,null,null,null,null,null,null,null,null,null,null,null,null,null,null,null,null,null,null,null,null,null,null,null,null,null,null,null,null,null,null,null,null,null,null,null,null,null,null,null,null,null,null,null,null,null,null,null,null,null,null,null,null,null,null,null,null,null,null,null,null,null,null,null,null,null,null,null,null,null,null,null,null,null,null,null,null,null,null,null,null,null,null,null,null,null,null,null,null,null,null,null,null,null,null,null,null,null,null,null,null,null,null,null,null,null,null,null,null,null,null,null],"Size":8,"Front":0,"Back":8,"Capacity":1000},"StartIndex":1,"LastIndex":8}},"CurrentIndex":8,"Stats":{"getsSuccess":1,"getsFail":4,"setsSuccess":6,"setsFail":0,"deleteSuccess":0,"deleteFail":0,"updateSuccess":0,"updateFail":0,"createSuccess":2,"createFail":0,"compareAndSwapSuccess":0,"compareAndSwapFail":0,"compareAndDeleteSuccess":0,"compareAndDeleteFail":0,"expireCount":0,"watchers":0},"CurrentVersion":2}
¡Íï˙Î™ΩƒéÇùìïñ≠Ãüº( ëN